// Jest Snapshot v1, https://goo.gl/fbAQLP

exports[`ConvertCurrency snapshot Make ConvertCurrency snapshot 1`] = `
<DocumentFragment>
  <div
    class="wrapper"
  >
    <div
      class="nav-wrapper"
    >
      <div
        class="nav-wrapper-container"
      >
        <nav
          class="nav-bar"
        >
          <a
            aria-current="page"
            class="active"
            href="/"
          >
            <img
              alt="Logo"
              class="logo"
              src="Label.svg"
            />
          </a>
          <ul
            class="nav-menu"
          >
            <li
              class="nav-menu-item"
            >
              <a
                aria-current="page"
                class="active-link"
                href="/"
              >
                Currency converter
              </a>
            </li>
            <li
              class="nav-menu-item"
            >
              <a
                class=""
                href="/current-currency"
              >
                Exchange rates
              </a>
            </li>
          </ul>
          <select />
        </nav>
      </div>
    </div>
    <div
      class="container"
    >
      <div
        class="currency-wrapper"
      >
        <div
          class="currency-convert"
        >
          <div
            class="convert-content"
          >
            <h2
              class="convert-header"
            >
              ONLILE CURRENCY CONVERTER
            </h2>
            <p
              class="convert-text"
            >
              Fast, simplle, non-custodial Exchange Service. Check live foreign currency exchange rates
            </p>
            <input
              class="convert-input "
              name="conver"
              placeholder="15 usd in uah"
              value=""
            />
          </div>
          <div
            class="convert-result"
          >
            <span
              class="convert-result-text"
            >
              0 UAH
            </span>
          </div>
        </div>
        <div
          class="hero-image-container"
        >
          <img
            alt="Hero banner"
            class="hero-image"
            src="hero.svg"
            style="opacity: 0; transition: opacity 500ms ease-in 0ms;"
          />
        </div>
      </div>
    </div>
  </div>
</DocumentFragment>
`;
